[INFO] Scanning for projects...
[INFO] 
[INFO] ------------------------< com.buenaventura:erp >------------------------
[INFO] Building  0.0.1-SNAPSHOT
[INFO]   from pom.xml
[INFO] --------------------------------[ jar ]---------------------------------
[INFO] 
[INFO] >>> spring-boot:3.5.13:run (default-cli) > test-compile @ erp >>>
[INFO] 
[INFO] --- resources:3.3.1:resources (default-resources) @ erp ---
[INFO] Copying 3 resources from src\main\resources to target\classes
[INFO] Copying 0 resource from src\main\resources to target\classes
[INFO] 
[INFO] --- compiler:3.14.1:compile (default-compile) @ erp ---
[INFO] Nothing to compile - all classes are up to date.
[INFO] 
[INFO] --- resources:3.3.1:testResources (default-testResources) @ erp ---
[INFO] skip non existing resourceDirectory C:\Users\User\IdeaProjects\BuenaVenturaBackend\src\test\resources
[INFO] 
[INFO] --- compiler:3.14.1:testCompile (default-testCompile) @ erp ---
[INFO] Nothing to compile - all classes are up to date.
[INFO] 
[INFO] <<< spring-boot:3.5.13:run (default-cli) < test-compile @ erp <<<
[INFO] 
[INFO] 
[INFO] --- spring-boot:3.5.13:run (default-cli) @ erp ---
[INFO] Attaching agents: []

  .   ____          _            __ _ _
 /\\ / ___'_ __ _ _(_)_ __  __ _ \ \ \ \
( ( )\___ | '_ | '_| | '_ \/ _` | \ \ \ \
 \\/  ___)| |_)| | | | | || (_| |  ) ) ) )
  '  |____| .__|_| |_|_| |_\__, | / / / /
 =========|_|==============|___/=/_/_/_/

 :: Spring Boot ::               (v3.5.13)

2026-07-08T12:00:06.727-05:00  INFO 2156 --- [erp] [           main] com.buenaventura.erp.ErpApplication      : Starting ErpApplication using Java 25-loom with PID 2156 (C:\Users\User\IdeaProjects\BuenaVenturaBackend\target\classes started by User in C:\Users\User\IdeaProjects\BuenaVenturaBackend)
2026-07-08T12:00:06.729-05:00  INFO 2156 --- [erp] [           main] com.buenaventura.erp.ErpApplication      : The following 1 profile is active: "local"
2026-07-08T12:00:07.627-05:00  INFO 2156 --- [erp] [           main] .s.d.r.c.RepositoryConfigurationDelegate : Bootstrapping Spring Data JPA repositories in DEFAULT mode.
2026-07-08T12:00:07.788-05:00  INFO 2156 --- [erp] [           main] .s.d.r.c.RepositoryConfigurationDelegate : Finished Spring Data repository scanning in 151 ms. Found 23 JPA repository interfaces.
2026-07-08T12:00:08.283-05:00  INFO 2156 --- [erp] [           main] o.s.b.w.embedded.tomcat.TomcatWebServer  : Tomcat initialized with port 8080 (http)
2026-07-08T12:00:08.297-05:00  INFO 2156 --- [erp] [           main] o.apache.catalina.core.StandardService   : Starting service [Tomcat]
2026-07-08T12:00:08.298-05:00  INFO 2156 --- [erp] [           main] o.apache.catalina.core.StandardEngine    : Starting Servlet engine: [Apache Tomcat/10.1.53]
2026-07-08T12:00:08.352-05:00  INFO 2156 --- [erp] [           main] o.a.c.c.C.[Tomcat].[localhost].[/]       : Initializing Spring embedded WebApplicationContext
2026-07-08T12:00:08.353-05:00  INFO 2156 --- [erp] [           main] w.s.c.ServletWebServerApplicationContext : Root WebApplicationContext: initialization completed in 1572 ms
2026-07-08T12:00:08.599-05:00  INFO 2156 --- [erp] [           main] o.hibernate.jpa.internal.util.LogHelper  : HHH000204: Processing PersistenceUnitInfo [name: default]
2026-07-08T12:00:08.647-05:00  INFO 2156 --- [erp] [           main] org.hibernate.Version                    : HHH000412: Hibernate ORM core version 6.6.45.Final
2026-07-08T12:00:08.679-05:00  INFO 2156 --- [erp] [           main] o.h.c.internal.RegionFactoryInitiator    : HHH000026: Second-level cache disabled
2026-07-08T12:00:08.950-05:00  INFO 2156 --- [erp] [           main] o.s.o.j.p.SpringPersistenceUnitInfo      : No LoadTimeWeaver setup: ignoring JPA class transformer
2026-07-08T12:00:08.984-05:00  INFO 2156 --- [erp] [           main] com.zaxxer.hikari.HikariDataSource       : HikariPool-1 - Starting...
2026-07-08T12:00:09.138-05:00  INFO 2156 --- [erp] [           main] com.zaxxer.hikari.pool.HikariPool        : HikariPool-1 - Added connection com.mysql.cj.jdbc.ConnectionImpl@2444c3df
2026-07-08T12:00:09.139-05:00  INFO 2156 --- [erp] [           main] com.zaxxer.hikari.HikariDataSource       : HikariPool-1 - Start completed.
2026-07-08T12:00:09.183-05:00  WARN 2156 --- [erp] [           main] org.hibernate.orm.deprecation            : HHH90000025: MySQLDialect does not need to be specified explicitly using 'hibernate.dialect' (remove the property setting and it will be selected by default)
2026-07-08T12:00:09.198-05:00  INFO 2156 --- [erp] [           main] org.hibernate.orm.connections.pooling    : HHH10001005: Database info:
	Database JDBC URL [Connecting through datasource 'HikariDataSource (HikariPool-1)']
	Database driver: undefined/unknown
	Database version: 9.7.1
	Autocommit mode: undefined/unknown
	Isolation level: undefined/unknown
	Minimum pool size: undefined/unknown
	Maximum pool size: undefined/unknown
2026-07-08T12:00:10.278-05:00  INFO 2156 --- [erp] [           main] o.h.e.t.j.p.i.JtaPlatformInitiator       : HHH000489: No JTA platform available (set 'hibernate.transaction.jta.platform' to enable JTA platform integration)
2026-07-08T12:00:10.283-05:00  INFO 2156 --- [erp] [           main] j.LocalContainerEntityManagerFactoryBean : Initialized JPA EntityManagerFactory for persistence unit 'default'
2026-07-08T12:00:10.674-05:00  INFO 2156 --- [erp] [           main] o.s.d.j.r.query.QueryEnhancerFactory     : Hibernate is in classpath; If applicable, HQL parser will be used.
2026-07-08T12:00:12.078-05:00  WARN 2156 --- [erp] [           main] JpaBaseConfiguration$JpaWebConfiguration : spring.jpa.open-in-view is enabled by default. Therefore, database queries may be performed during view rendering. Explicitly configure spring.jpa.open-in-view to disable this warning
2026-07-08T12:00:12.114-05:00  INFO 2156 --- [erp] [           main] r$InitializeUserDetailsManagerConfigurer : Global AuthenticationManager configured with UserDetailsService bean with name customUserDetailsService
2026-07-08T12:00:12.429-05:00  INFO 2156 --- [erp] [           main] o.s.b.a.e.web.EndpointLinksResolver      : Exposing 1 endpoint beneath base path '/actuator'
2026-07-08T12:00:12.719-05:00  INFO 2156 --- [erp] [           main] o.s.b.w.embedded.tomcat.TomcatWebServer  : Tomcat started on port 8080 (http) with context path '/'
2026-07-08T12:00:12.731-05:00  INFO 2156 --- [erp] [           main] com.buenaventura.erp.ErpApplication      : Started ErpApplication in 6.431 seconds (process running for 6.814)
2026-07-08T12:00:51.140-05:00  INFO 2156 --- [erp] [nio-8080-exec-1] o.a.c.c.C.[Tomcat].[localhost].[/]       : Initializing Spring DispatcherServlet 'dispatcherServlet'
2026-07-08T12:00:51.140-05:00  INFO 2156 --- [erp] [nio-8080-exec-1] o.s.web.servlet.DispatcherServlet        : Initializing Servlet 'dispatcherServlet'
2026-07-08T12:00:51.140-05:00  INFO 2156 --- [erp] [nio-8080-exec-1] o.s.web.servlet.DispatcherServlet        : Completed initialization in 0 ms
